111
222
1
555
3
666
4
777
201
1800
45
101
2700
0
1
2
10
0