42
1
1000
0
1
2
3
4
100
101
999
201
210
222
8
true
true
true
4
9999